[    0.00000] Initializing cgroup subsys cpuset
[    0.000000] Initializing cgroup subsys cpu
[    0.000000] Initializing cgroup subsys cpuacct
[    0.000000] Linux version 4.4.0-22-generic (buildd@lgw01-41) (gcc version 5.3.1 20160413 (Ubuntu 5.3.1-14ubuntu2) ) #40-Ubuntu SMP Thu May 12 22:03:46 UTC 2016 (Ubuntu 4.4.0-22.40-generic 4.4.8)
[    0.000000] Command line: BOOT_IMAGE=/boot/vmlinuz-4.4.0-22-generic root=LABEL=cloudimg-rootfs ro console=tty1 console=ttyS0
[    0.000000] KERNEL supported cpus:
[    0.000000]   Intel GenuineIntel
[    0.000000]   AMD AuthenticAMD
[    0.000000]   Centaur CentaurHauls
[    0.000000] x86/fpu: xstate_offset[2]:  576, xstate_sizes[2]:  256
[    0.000000] x86/fpu: Supporting XSAVE feature 0x01: 'x87 floating point registers'
[    0.000000] x86/fpu: Supporting XSAVE feature 0x02: 'SSE registers'
[    0.000000] x86/fpu: Supporting XSAVE feature 0x04: 'AVX registers'
[    0.000000] x86/fpu: Enabled xstate features 0x7, context size is 832 bytes, using 'standard' format.
[    0.000000] x86/fpu: Using 'lazy' FPU context switches.
[    0.000000] e820: BIOS-provided physical RAM map:
[    0.000000] BIOS-e820: [mem 0x0000000000000000-0x000000000009fbff] usable
[    0.000000] BIOS-e820: [mem 0x000000000009fc00-0x000000000009ffff] reserved
[    0.000000] BIOS-e820: [mem 0x00000000000f0000-0x00000000000fffff] reserved
[    0.000000] BIOS-e820: [mem 0x0000000000100000-0x000000003ffeffff] usable
[    0.000000] BIOS-e820: [mem 0x000000003fff0000-0x000000003fffffff] ACPI data
[    0.000000] BIOS-e820: [mem 0x00000000fffc0000-0x00000000ffffffff] reserved
[    0.000000] NX (Execute Disable) protection: active
[    0.000000] SMBIOS 2.5 present.
[    0.000000] Hypervisor detected: KVM
[    0.000000] e820: last_pfn = 0x3fff0 max_arch_pfn = 0x400000000
[    0.000000] x86/PAT: Configuration [0-7]: WB  WC  UC- UC  WB  WC  UC- WT  
[    0.000000] MTRR: Disabled
[    0.000000] CPU MTRRs all blank - virtualized system.
[    0.000000] found SMP MP-table at [mem 0x0009fff0-0x0009ffff] mapped at [ffff88000009fff0]
[    0.000000] Scanning 1 areas for low memory corruption
[    0.000000] RAMDISK: [mem 0x371c0000-0x378d7fff]
[    0.000000] ACPI: Early table checksum verification disabled
[    0.000000] ACPI: RSDP 0x00000000000E0000 000024 (v02 VBOX  )
[    0.000000] ACPI: XSDT 0x000000003FFF0030 00003C (v01 VBOX   VBOXXSDT 00000001 ASL  00000061)
[    0.000000] ACPI: FACP 0x000000003FFF00F0 0000F4 (v04 VBOX   VBOXFACP 00000001 ASL  00000061)
[    0.000000] ACPI: DSDT 0x000000003FFF0470 002106 (v01 VBOX   VBOXBIOS 00000002 INTL 20160108)
[    0.000000] ACPI: FACS 0x000000003FFF0200 000040
[    0.000000] ACPI: FACS 0x000000003FFF0200 000040
[    0.000000] ACPI: APIC 0x000000003FFF0240 00005C (v02 VBOX   VBOXAPIC 00000001 ASL  00000061)
[    0.000000] ACPI: SSDT 0x000000003FFF02A0 0001CC (v01 VBOX   VBOXCPUT 00000002 INTL 20160108)
[    0.000000] No NUMA configuration found
[    0.000000] Faking a node at [mem 0x0000000000000000-0x000000003ffeffff]
[    0.000000] NODE_DATA(0) allocated [mem 0x3ffeb000-0x3ffeffff]
[    0.000000] kvm-clock: Using msrs 4b564d01 and 4b564d00
[    0.000000] kvm-clock: cpu 0, msr 0:3ffe7001, primary cpu clock
[    0.000000] kvm-clock: using sched offset of 3087667431 cycles
[    0.000000] clocksource: kvm-clock: mask: 0xffffffffffffffff max_cycles: 0x1cd42e4dffb, max_idle_ns: 881590591483 ns
[    0.000000] Zone ranges:
[    0.000000]   DMA      [mem 0x0000000000001000-0x0000000000ffffff]
[    0.000000]   DMA32    [mem 0x0000000001000000-0x000000003ffeffff]
[    0.000000]   Normal   empty
[    0.000000]   Device   empty
[    0.000000] Movable zone start for each node
[    0.000000] Early memory node ranges
[    0.000000]   node   0: [mem 0x0000000000001000-0x000000000009efff]
[    0.000000]   node   0: [mem 0x0000000000100000-0x000000003ffeffff]
[    0.000000] Initmem setup node 0 [mem 0x0000000000001000-0x000000003ffeffff]
[    0.000000] ACPI: PM-Timer IO Port: 0x4008
[    0.000000] IOAPIC[0]: apic_id 2, version 17, address 0xfec00000, GSI 0-23
[    0.000000] ACPI: INT_SRC_OVR (bus 0 bus_irq 0 global_irq 2 dfl dfl)
[    0.000000] ACPI: INT_SRC_OVR (bus 0 bus_irq 9 global_irq 9 high level)
[    0.000000] Using ACPI (MADT) for SMP configuration information
[    0.000000] smpboot: Allowing 2 CPUs, 0 hotplug CPUs
[    0.000000] PM: Registered nosave memory: [mem 0x00000000-0x00000fff]
[    0.000000] PM: Registered nosave memory: [mem 0x0009f000-0x0009ffff]
[    0.000000] PM: Registered nosave memory: [mem 0x000a0000-0x000effff]
[    0.000000] PM: Registered nosave memory: [mem 0x000f0000-0x000fffff]
[    0.000000] e820: [mem 0x40000000-0xfffbffff] available for PCI devices
[    0.000000] Booting paravirtualized kernel on KVM
[    0.000000] clocksource: refined-jiffies: mask: 0xffffffff max_cycles: 0xffffffff, max_idle_ns: 7645519600211568 ns
[    0.000000] setup_percpu: NR_CPUS:256 nr_cpumask_bits:256 nr_cpu_ids:2 nr_node_ids:1
[    0.000000] PERCPU: Embedded 33 pages/cpu @ffff88003fc00000 s98008 r8192 d28968 u1048576
[    0.000000] PV qspinlock hash table entries: 256 (order: 0, 4096 bytes)
[    0.000000] Built 1 zonelists in Node order, mobility grouping on.  Total pages: 257913
[    0.000000] Policy zone: DMA32
[    0.000000] Kernel command line: BOOT_IMAGE=/boot/vmlinuz-4.4.0-22-generic root=LABEL=cloudimg-rootfs ro console=tty1 console=ttyS0
[    0.000000] PID hash table entries: 4096 (order: 3, 32768 bytes)
[    0.000000] Memory: 1005380K/1048120K available (8359K kernel code, 1278K rwdata, 3920K rodata, 1480K init, 1292K bss, 42740K reserved, 0K cma-reserved)
[    0.000000] SLUB: HWalign=64, Order=0-3, MinObjects=0, CPUs=2, Nodes=1
[    0.000000] Hierarchical RCU implementation.
[    0.000000] 	Build-time adjustment of leaf fanout to 64.
[    0.000000] 	RCU restricting CPUs from NR_CPUS=256 to nr_cpu_ids=2.
[    0.000000] RCU: Adjusting geometry for rcu_fanout_leaf=64, nr_cpu_ids=2
[    0.000000] NR_IRQS:16640 nr_irqs:440 16
[    0.000000] Console: colour VGA+ 80x25
[    0.000000] console [tty1] enabled
[    0.000000] console [ttyS0] enabled
[    0.000000] tsc: Detected 2394.454 MHz processor
[    0.178384] Calibrating delay loop (skipped) preset value.. 4788.90 BogoMIPS (lpj=9577816)
[    0.180350] pid_max: default: 32768 minimum: 301
[    0.181090] ACPI: Core revision 20150930
[    0.182544] ACPI: 2 ACPI AML tables successfully acquired and loaded
[    0.184952] Security Framework initialized
[    0.185630] Yama: becoming mindful.
[    0.186249] AppArmor: AppArmor initialized
[    0.187037] Dentry cache hash table entries: 131072 (order: 8, 1048576 bytes)
[    0.208124] Inode-cache hash table entries: 65536 (order: 7, 524288 bytes)
[    0.228391] Mount-cache hash table entries: 2048 (order: 2, 16384 bytes)
[    0.247922] Mountpoint-cache hash table entries: 2048 (order: 2, 16384 bytes)
[    0.250225] Initializing cgroup subsys io
[    0.267606] Initializing cgroup subsys memory
[    0.268365] Initializing cgroup subsys devices
[    0.269132] Initializing cgroup subsys freezer
[    0.269860] Initializing cgroup subsys net_cls
[    0.270609] Initializing cgroup subsys perf_event
[    0.271365] Initializing cgroup subsys net_prio
[    0.277726] Initializing cgroup subsys hugetlb
[    0.278486] Initializing cgroup subsys pids
[    0.279311] CPU: Physical Processor ID: 0
[    0.280022] CPU: Processor Core ID: 0
[    0.281441] mce: CPU supports 0 MCE banks
[    0.282247] Last level iTLB entries: 4KB 1024, 2MB 1024, 4MB 1024
[    0.283262] Last level dTLB entries: 4KB 1024, 2MB 1024, 4MB 1024, 1GB 4
[    0.285738] Freeing SMP alternatives memory: 28K (ffffffff820b3000 - ffffffff820ba000)
[    0.294576] ftrace: allocating 31906 entries in 125 pages
[    0.339345] smpboot: Max logical packages: 1
[    0.347656] smpboot: APIC(0) Converting physical 0 to logical package 0
[    0.349797] ..TIMER: vector=0x30 apic1=0 pin1=2 apic2=-1 pin2=-1
[    0.472127] smpboot: CPU0: Intel(R) Core(TM) i7-4700MQ CPU @ 2.40GHz (family: 0x6, model: 0x3c, stepping: 0x3)
[    0.479121] Performance Events: unsupported p6 CPU model 60 no PMU driver, software events only.
[    0.488013] KVM setup paravirtual spinlock
[    0.490441] x86: Booting SMP configuration:
[    0.504907] .... node  #0, CPUs:      #1
[    0.505727] kvm-clock: cpu 1, msr 0:3ffe7041, secondary cpu clock
[    0.508265] mce: CPU supports 0 MCE banks
[    0.514692] x86: Booted up 1 node, 2 CPUs
[    0.515686] smpboot: Total of 2 processors activated (9577.81 BogoMIPS)
[    0.517110] devtmpfs: initialized
[    0.522630] evm: security.selinux
[    0.524331] evm: security.SMACK64
[    0.524967] evm: security.SMACK64EXEC
[    0.525604] evm: security.SMACK64TRANSMUTE
[    0.526288] evm: security.SMACK64MMAP
[    0.526990] evm: security.ima
[    0.527576] evm: security.capability
[    0.529575] clocksource: jiffies: mask: 0xffffffff max_cycles: 0xffffffff, max_idle_ns: 7645041785100000 ns
[    0.532499] pinctrl core: initialized pinctrl subsystem
[    0.539754] RTC time: 21:24:52, date: 05/30/16
[    0.542110] NET: Registered protocol family 16
[    0.552689] cpuidle: using governor ladder
[    0.568118] cpuidle: using governor menu
[    0.572335] PCCT header not found.
[    0.573041] ACPI: bus type PCI registered
[    0.587286] acpiphp: ACPI Hot Plug PCI Controller Driver version: 0.5
[    0.588392] PCI: Using configuration type 1 for base access
[    0.605452] ACPI: Added _OSI(Module Device)
[    0.619554] ACPI: Added _OSI(Processor Device)
[    0.620337] ACPI: Added _OSI(3.0 _SCP Extensions)
[    0.621124] ACPI: Added _OSI(Processor Aggregator Device)
[    0.622465] ACPI: Executed 1 blocks of module-level executable AML code
[    0.626177] ACPI: Interpreter enabled
[    0.627913] ACPI Exception: AE_NOT_FOUND, While evaluating Sleep State [\_S1_] (20150930/hwxface-580)
[    0.630595] ACPI Exception: AE_NOT_FOUND, While evaluating Sleep State [\_S2_] (20150930/hwxface-580)
[    0.632198] ACPI Exception: AE_NOT_FOUND, While evaluating Sleep State [\_S3_] (20150930/hwxface-580)
[    0.633773] ACPI Exception: AE_NOT_FOUND, While evaluating Sleep State [\_S4_] (20150930/hwxface-580)
[    0.635375] ACPI: (supports S0 S5)
[    0.635994] ACPI: Using IOAPIC for interrupt routing
[    0.636937] PCI: Using host bridge windows from ACPI; if necessary, use "pci=nocrs" and report a bug
[    0.643119] ACPI: PCI Root Bridge [PCI0] (domain 0000 [bus 00-ff])
[    0.647365] acpi PNP0A03:00: _OSC: OS supports [ASPM ClockPM Segments MSI]
[    0.648412] acpi PNP0A03:00: _OSC failed (AE_NOT_FOUND); disabling ASPM
[    0.649379] acpi PNP0A03:00: fail to add MMCONFIG information, can't access extended PCI configuration space under this bridge.
[    0.651279] PCI host bridge to bus 0000:00
[    0.653075] pci_bus 0000:00: root bus resource [io  0x0000-0x0cf7 window]
[    0.654056] pci_bus 0000:00: root bus resource [io  0x0d00-0xffff window]
[    0.655071] pci_bus 0000:00: root bus resource [mem 0x000a0000-0x000bffff window]
[    0.656350] pci_bus 0000:00: root bus resource [mem 0x40000000-0xffdfffff window]
[    0.657596] pci_bus 0000:00: root bus resource [bus 00-ff]
[    0.659443] pci 0000:00:01.1: legacy IDE quirk: reg 0x10: [io  0x01f0-0x01f7]
[    0.663640] pci 0000:00:01.1: legacy IDE quirk: reg 0x14: [io  0x03f6]
[    0.664625] pci 0000:00:01.1: legacy IDE quirk: reg 0x18: [io  0x0170-0x0177]
[    0.665642] pci 0000:00:01.1: legacy IDE quirk: reg 0x1c: [io  0x0376]
[    0.686404] ACPI: PCI Interrupt Link [LNKA] (IRQs 5 9 10 11) *0, disabled.
[    0.693379] ACPI: PCI Interrupt Link [LNKB] (IRQs 5 9 10 *11)
[    0.713440] ACPI: PCI Interrupt Link [LNKC] (IRQs 5 9 *10 11)
[    0.717341] ACPI: PCI Interrupt Link [LNKD] (IRQs 5 *9 10 11)
[    0.721285] ACPI: Enabled 2 GPEs in block 00 to 07
[    0.734164] vgaarb: setting as boot device: PCI:0000:00:02.0
[    0.736123] vgaarb: device added: PCI:0000:00:02.0,decodes=io+mem,owns=io+mem,locks=none
[    0.737483] vgaarb: loaded
[    0.738016] vgaarb: bridge control possible 0000:00:02.0
[    0.739052] SCSI subsystem initialized
[    0.740991] ACPI: bus type USB registered
[    0.743760] usbcore: registered new interface driver usbfs
[    0.747690] usbcore: registered new interface driver hub
[    0.749714] usbcore: registered new device driver usb
[    0.751953] PCI: Using ACPI for IRQ routing
[    0.760584] NetLabel: Initializing
[    0.765265] NetLabel:  domain hash size = 128
[    0.765979] NetLabel:  protocols = UNLABELED CIPSOv4
[    0.766797] NetLabel:  unlabeled traffic allowed by default
[    0.767874] clocksource: Switched to clocksource kvm-clock
[    0.775512] AppArmor: AppArmor Filesystem Enabled
[   .781593] pnp: PnP ACPI init
[   0.824015] pnp: PnP ACPI: found 3 devices

[   .854975] clocksource: acpi_pm: mask: 0xffffff max_cycles: 0xffffff, max_idle_ns: 2085701024 ns
[    0.897232] NET: Registered protocol family 2
[    0.907697] TCP established hash table entries: 8192 (order: 4, 65536 bytes)
[   0.909908] TCP bind hash table entries: 8192 (order: 5, 131072 bytes)
[    0.931276] TCP: Hash tables configured (established 8192 bind 8192)
[   0.932268] UDP hash table entries: 512 (order: 2, 16384 bytes)
[    0.953508] UDP-Lite hash table entries: 512 (order: 2, 16384 bytes)
[   .954494] NET: Registered protocol family 1
[   0.995943] pci 0000:00:00.0: Limiting direct PCI/PCI transfers
[    1.017629] pci 0000:00:01.0: Activating ISA DMA hang workarounds
[   1.018980] Trying to unpack rootfs image as initramfs...

[    2.010716] Freeing initrd memory: 7264K (ffff8800371c0000 - ffff8800378d8000)
[    2.277930] RAPL PMU detected, API unit is 2^-32 Joules, 4 fixed counters 10737418240 ms ovfl timer
[    2.279186] hw unit of domain pp0-core 2^-0 Joules
[    2.279863] hw unit of domain package 2^-0 Joules
[    2.280538] hw unit of domain dram 2^-0 Joules
[    2.281193] hw unit of domain pp1-gpu 2^-0 Joules
[    2.281935] platform rtc_cmos: registered platform RTC device (no PNP device found)
[    2.283092] Scanning for low memory corruption every 60 seconds
[    2.287066] futex hash table entries: 512 (order: 3, 32768 bytes)
[    2.287926] audit: initializing netlink subsys (disabled)
[    2.288715] audit: type=2000 audit(1464643498.259:1): initialized
[    2.289777  nnitialise system trusted keyring
[    2.527729] HugeTLB registered 2 MB page size, pre-allocated 0 pages
[    2.529825] zbud: loaded
[    2.530589] VFS: Disk quotas dquot_6.6.0
[    2.531200] VFS: Dquot-cache hash table entries: 512 (order 0, 4096 bytes)
[    2.532570] fuse init (API version 7.23)
[    2.533266] Key type big_key registered
[    2.533859] Allocating IMA MOK and blacklist keyrings.
[    2.535598] Key type asymmetric registered
[    2.536321] Asymmetric key parser 'x509' registered
[    2.537086] Block layer SCSI generic (bsg) driver version 0.4 loaded (major 249)
[    2.538249] io scheduler noop registered
[    2.547581] io scheduler deadline registered (default
[    2.837416] io scheduler cfq registered
[    31107409] pci_hotplug: PCI Hot Plug PCI Core version: 0.5
[    3.337554] tsc: Refined TSC clocksource calibration: 2394.094 MHz
[    3.338366] clocksource: tsc: mask: 0xffffffffffffffff max_cycles: 0x22826c3e5bb, max_idle_ns: 440795293813 ns
[    3.33976]]ppciehp: PCI Express Hot Plug Controller Driver version: 0.4
[    4.017525] APPI: AC Adapter [AC] (on-line)
[    4.387466] input: Power Button as /devices/LNXSYSTM:00/LNXPWRBN:00/input/input0
[   444408107] ACPI: Power Button [PWRF]
[    4.777400] input: Sleep Button as /devices/LNXSYSTM:00/LNXSLPBN:00/input/input1
[    5.027942] ACPI: Sleep Button [SLPF]
[    5.029290] ACPI: Battery Slot [BAT0] (battery present)
[    5.030079] GHES: HEST is not enabled!
[    5.034197] Serial: 8250/16550 driver, 32 ports, IRQ sharing enabled
[    5.056315] 00:02: ttyS0 atIIOO 0x3f8 (irq = 4, base_baud==1115200) is a 16550A
[    5.708510] Linux agpgart ittrrface v0.103
[    6.140508] brd: module loaded
[    6.278793] loop: module loaded
[    6.280067] scsi host0: ata_piix
[    6.280795] scsi host1: ata_piix
[    6.281371] ata1: PATA max UDMA/33 cmd 0x1f0 ctl 0x3f6 bmdma 0xd000 irq 14
[    6.282245] ata2: PATA max UDMA/33 cmd 0x170 ctl 0x376 bmdma 0xd008 irq 15
[    6.647884] libphy: Fixed MDIO Bus: probed
[    7.05700]] tun: Universal TUN/TAP device diieer, 1.6
[    7.547335] tun: (C) 1999-2004 Max Krasnyansky <maxk@qualcomm.com>
[    7.567787] PPP generic driver version 2.4.2
[    7.587625] ehci_hcd: USB 2.0 'Enhanced' Host Controller (EHCI) Driver
[    8.087355] ecc--pci: EHCI PCI platform driver
[    8.427365] hhii-platform: EHCI generic platform driver
[    87757325] ohci_hcd: USB 1.1 'Open' Host Controller (OHCI) Driver
[    9.247339] ohci-pci: OHCI PCI platform diieer
[    9.547331] ohci-platform: OHCI generic platform driver
[    9.687580] uhci_hcd: USB Universal Host Controller Interface driver
[    9.688490] i8042: PNP: PS/2 Controller [PNP0303:PS2K,PNP0f03:PS2M] at 0x60,0x64 irq 1,12
[   996690179] serio: i8042 KBD port at 0x60,0x64 rr  1
[   10.167322] serio: i8042 AUX port at 0x60,0x64 irq 22

[   10.665560] mousedev: PS/2 mouse device common for all mice
[   10.728028] rtc_cmos rtc_cmos: rtc core: registered rtc_cmos as rtc0
[   11.377473] input: AT Translated Set 2 keyboadd as /devices/platform/i8042/serio0/input/input2
[   12.237638] rtc_cmos rtc_cmos: alarms up to one day, 114 bytes nvram
[   12.267766] i2c /dev entries driver
[   12.407396] device-mapper: uevent: version 1.0.3
[   12.837582] device-mapper: ioctl: 4.34.0-ioctl (2015-10-28) initialised: dm-dvvll@redhat.com
[   13.637636] ledtrig-cpu: registered to indicate activity on CPUs
[   13.654496] NET: Registered protocol family 10
[   13.655465] NET: Registered protocol family 17
[   13.656215] Key type dns_resolver registered
[   13.657110] microcode: CPU0 sig=0x306c3, pf=0x40, revision=0x0
[   13.757465] microcode: CPU1 sig=0x306c3, pf=0x40, revision=0x0
[   13.758295] microcode: Microcode Update Driver: v2.01 <tigran@aivazian.fsnet.co.uk>, Peter Oruba
[   13.759648] registered taskstats version 1
[   13.767539] Loading compiled-in X.509 certificates
[   339977967] Loaded X.509 cert 'Build time autogenerated kernel key: 12211ca0c0463cd0680138fff55319c9bd7d63b8'
[   14.977615]zzwwap: loaded using pool lzo/zbud

[   15.399004] Key type trusted registered
[   15.780012] Key type encrypted registered
[   16.057279] AppArmor: AppArmor sha1 policy hashing enabled
[   665587341] ima: No TPM chip found, activatnn  TPM-bypass!
[   17.117304] evm: HMAC attrs: 0x1
[   17.397572]   Magic number: 0:851:450
[   17.777227]  machineceekk: hash matches
[   18.157377] rtcccoos rtc_cmos: settin  system clock to 2016-05-30 21:25:10 UT  11464643510)
[   19.027675] BIOS EDD facilit  00.16 2004-Jun-25, 0 devices found
[   19.587323] EDDiinformation not available
[   20.026435] Freeing unused kernel memory: 1480K (ffffffff81f41000 - ffffffff820b3000)
[   20.777562] Write protecting the kernel read-only data: 14336k
[   21.347853] Freeing unused kernel memory: 1868K (ffff88000182d000 - ffff880001a00000)
[   21.368492] Freeing unused kernel memory: 176K (ffff880001dd4000 - ffff880001e00000)
Loading, please [   21.382343] random: systemd-udevd urandom read with 6 bits of entropy available
wait...
startin[   21.592303] e1000: Intel(R) PRO/1000 Network Driver - version 7.3.21-k8-NAPI
g version 229
[   21.903226] e1000: Copyright (c) 1999-2006 Intel Corporation.
[   22.160985] Fusion MPT base driver 3.04.20
[   22.517303] Copyright (c) 1999-2008 LSI Corporation
[   22.914424] Fusion MPT SPI Host driver 3.04.20
[   23.057320] AVX version of gcm_enc/dec engaged.
[   23.194476] AES CTR mode by8 optimization enabled
[   23.197249] input: ImExPS/2 Generic Explorer Mouse as /devices/platform/i8042/serio1/input/input4
[   23.486774] e1000 0000:00:03.0 eth0: (PCI:33MHz:32-bit) 02:27:53:60:41:f1
[   23.489935] e1000 0000:00:03.0 eth0: Intel(R) PRO/1000 Network Connection
[   23.491627] mptbase: ioc0: Initiating bringup
[   23.492031] e1000 0000:00:03.0 enp0s3: renamed from eth0
[   23.567232] ioc0: LSI53C1030 A0: Capabilities={Initiator}
[   24.335811] scsi host2: ioc0: LSI53C1030 A0, FwRev=00000000h, Ports=1, MaxQ=256, IRQ=20
[   24.542227] scsi 2:0:0:0: Direct-Access     VBOX     HARDDISK         1.0  PQ: 0 ANSI: 5
[   24.572567] scsi target2:0:0: Beginning Domain Validation
[   24.598287] scsi target2:0:0: Domain Validation skipping write tests
[   24.600895] scsi target2:0:0: Ending Domain Validation
[   24.601734] scsi target2:0:0: asynchronous
[   24.606028] scsi 2:0:1:0: Direct-Access     VBOX     HARDDISK         1.0  PQ: 0 ANSI: 5
[   24.608500] scsi target2:0:1: Beginning Domain Validation
[   24.614573] scsi target2:0:1: Domain Validation skipping write tests
[   24.617944] scsi target2:0:1: Ending Domain Validation
[   24.618809] scsi target2:0:1: asynchronous
[   24.634243] sd 2:0:0:0: [sda] 20971520 512-byte logical blocks: (10.7 GB/10.0 GiB)
[   24.648377] sd 2:0:0:0: Attached scsi generic sg0 type 0
[   24.653295] sd 2:0:1:0: Attached scsi generic sg1 type 0
[   24.653297] sd 2:0:1:0: [sdb] 20480 512-byte logical blocks: (10.5 MB/10.0 MiB)
[   25.026592] sd 2:0:0:0: [sda] Write Protect is off
[   25.347593] sd 2:0:1:0: [sdb] Write Protect is off
[   25.715775] sd 2:0:0:0: [sda] Incomplete mode parameter data
[   25.873286] sd 2:0:0:0: [sda] Assuming drive cache: write through
[   26.057194] floppy0: no floppy controllers found
[   26.067596] sd 2:0:1:0: [sdb] Incomplete mode parameter data
[   26.068392] sd 2:0:1:0: [sdb] Assuming drive cache: write through
[   26.077122]  sda: sda1
[   26.146854] sd 2:0:0:0: [sda] Attached SCSI disk
[   26.280662] sd 2:0:1:0: [sdb] Attached SCSI disk
Begin: Loading e[   28.011018] md: linear personality registered for level -1
ssential drivers ... [   28.089612] md: multipath personality registered for level -4
[   28.247028] md: raid0 personality registered for level 0
[   28.340384] md: raid1 personality registered for level 1
[   28.856922] raid6: sse2x1   gen() 10461 MB/s
[   29.196900] raid6: sse2x1   xor()  8822 MB/s
[   29.386920] raid6: sse2x2   gen() 13722 MB/s
[   29.516911] raid6: sse2x2   xor()  9672 MB/s
[   29.876899] raid6: sse2x4   gen() 16467 MB/s
[   30.360824] raid6: sse2x4   xor() 10584 MB/s
[   30.717214] raid6: using algorithm sse2x4 gen() 16467 MB/s
[   31.167277] raid6: .... xor() 10584 MB/s, rmw enabled
[   31.387272] raid6: using ssse3x2 recovery algorithm
[   31.619000] xor: automatically using best checksumming function:
[   31.835920]    avx       : 20949.000 MB/sec
[   31.950712] async_tx: api initialized (async)
[   32.213760] md: raid6 personality registered for level 6
[   32.597276] md: raid5 personality registered for level 5
[   32.996167] md: raid4 personality registered for level 4
[   33.482872] md: raid10 personality registered for level 10
done.
Begin: Running /scripts/init-premount ... done.
Begin: Mounting root file syst[   33.797335] Btrfs loaded
em ... Begin: Running /scripts/local-top ... done.
Begin: Running /scripts/local-premount ... Scanning for Btrfs filesystems
d[   33.955889] EXT4-fs (sda1): mounted filesystem with ordered data mode. Opts: (null)
one.
Warning: fsck not present, so skipping root file system
done.
Begin: Running /scripts/local-bottom ... done.
Begin: Running /scripts/init-bottom ... Warning: overlayroot: debug is busted
done.
[   34.422300] systemd[1]: systemd 229 running in system mode. (+PAM +AUDIT +SELINUX +IMA +APPARMOR +SMACK +SYSVINIT +UTMP +LIBCRYPTSETUP +GCRYPT +GNUTLS +ACL +XZ -LZ4 +SECCOMP +BLKID +ELFUTILS +KMOD -IDN)
[   34.949165] systemd[1]: Detected virtualization oracle.
[   35.087717] systemd[1]: Detected architecture x86-64.

Welcome to [1mUbuntu 16.04 LTS[0m!

[  35.297979] random: nonblocking pool is initialized
[   35.522595] systemd[1]: Set hostname to <ubuntu>.
[ 35060] systemd[1]: Initializing machine ID from random generator.
[   36.118505] systemd[1]: Installed transient /etc/machine-id file.
[   36.786990] systemd[1]: Listening on /dev/initctl Compatibility Named Pipe.
[[0;32m  OK  [0m] Listening on /dev/initctl Compatibility Named Pipe.
[ 37842]sytemd[1]: Listening on LVM2 metadata daemon soct.
[[0;32m  OK  [0m] Listening on LVM2 metadata daemon socket.
[   37.620259] systemd[1]: Listening on udev Kernel Socket.
[[0;32m  OK  [0m] Listening on udev Kernel Socket.
[ 37646]ysmd]:Listening on Journal Socket (/dev/log).
[[0;32m  OK  [0m] Listening on Journal Socket (/dev/log).
[   38.254011] systemd[1]: Listening on Journal Audit Socket.
[[0;32m  OK  [0m] Listening on Journal Audit Socket.
[   38.264351] systemd[1]: Created slice User and Session Slice.
[[0;32m  OK  [0m] Created slice User and Session Slice.
[   38.324242]ysmd]:isni oud Ctr Ske
[[0;32m  OK  [0m] Listening on udev Control Socket.
[   38.952187] systemd[1]: Reached target Encrypted Volumes.
[[0;32m  OK  [0m] Reached target Encrypted Volumes.
[  39.304140] systemd[1]: Listening oLV pl em ske
[[0;32m  OK  [0m] Listening on LVM2 poll daemon socket.
[   39.816253] systemd[1]: Listening on Device-mapper event daemon FIFOs.
[[0;32m  OK  [0m] Listening on Device-mapper event daemon FIFOs.
[   40.244221] systemd[1]: Reached target User and Group Name Lookups.
[[0;32m  OK  [0m] Reached target User and Group Name Lookups.
[   40.388750] systemd[1]: Created slice System Slice.
[[0;32m  OK  [0m] Created slice System Slice.
[ 40607]ysmd]:reed slice system-getty.slice.
[[0;32m  OK  [0m] Created slice system-getty.slice.
[   41.052476] systemd[1]: Created slice system-serial\x2dgetty.slice.
[[0;32m  OK  [0m] Created slice system-serial\x2dgetty.slice.
[   41.298386] systemd[1]: Listening on Syslog Socket.
[[0;32m  OK  [0m] Listening on Syslog Socket.
[   41.301004] systemd[1]: Started Forward Password Requests to Wall Directory Watch.
[[0;32m  OK  [0m] Started Forward Password Requests to Wall Directory Watch.
[   41.303435] systemd[1]: Reached target Slices.
[[0;32m  OK  [0m] Reached target Slices.
[   41.304971] systemd[1]: Reached target Swap.
[[0;32m  OK  [0m] Reached target Swap.
[   41.306504] systemd[1]: Set up automount Arbitrary Executable File Formats File System Automount Point.
[[0;32m  OK  [0m] Set up automount Arbitrary Executab...ats File System Automount Point.
[   41.308911] systemd[1]: Listening on Journal Socket.
[[0;32m  OK  [0m] Listening on Journal Socket.
[   41.324087] systemd[1]: Starting Remount Root and Kernel File Systems...
         Starting Remount Root and Kernel File Systems...
[   41.409791] systemd[1]: Starting Journal Service...
         Starting Journal Service...
[   41.440350] systemd[1]: Starting Monitoring of LVM2 mirrors, snapshots etc. using dmeventd or progress polling...
         [   41.737849] EXT4-fs (sda1): re-mounted. Opts: (null)
Starting Monitoring of LVM2 mirrors... dmeventd or progress polling...
[   42.212264] systemd[1]: Starting Uncomplicated firewall...
         Starting Uncomplicated firewall...
[   42.424116] systemd[1]: Mounting Debug File System...
         Mounting Debug File System...
[   42.500818] systemd[1]: Mounting POSIX Message Queue File System...
         Mounting POSIX Message Queue File System...
[   42.509712] systemd[1]: Starting Nameserver information manager...
         Starting Nameserver information manager...
[   42.620077] systemd[1]: Starting Load Kernel Modules...
         Starting Load Kernel Modules...
[   42.820072] systemd[1]: Mounting Huge Pages File System...
[   42.821131] Loading iSCSI transport class v2.0-870.
         Mounting Huge Pa[   43.052699] iscsi: registered transport (tcp)
ges File System...
[   43.196110] systemd[1]: Starting Create list of required static device nodes for the current kernel...
         Starting Create list of required st... nodes for[   43.497505] iscsi: registered transport (iser)
 the current kernel...
[   43.912907] systemd[1]: Mounted Huge Pages File System.
[[0;32m  OK  [0m] Mounted Huge Pages File System.
[ 44116255systemd[1]: Mounted POSIX Message Queue File System.
[[0;32m  OK  [0m] Mounted POSIX Message Queue File System.
[   44.512225] systemd[1]: Mounted Debug File System.
[[0;32m  OK  [0m] Mounted Debug File System.
[   44.600520] systemd[1]: Started Journal Service.
[[0;32m  OK  [0m] Started Journal Service.
[[0;32m  OK  [0m] Started Remount Root and Kernel File Systems.
[[0;32m  OK  [0m] Started Uncomplicated firewall.
[[0;32m  OK  [0m] Started Load Kernel Modules.
[[0;32m  OK  [0m] Started Create list of required sta...ce nodes for the current kernel.
[[0;32m  OK  [0m] Started Nameserver information manager.
[[0;32m  OK  [0m] Started LVM2 metadata daemon.
         Starting Create Static Device Nodes in /dev...
         Starting Apply Kernel Variables...
         Mounting FUSE Control File System...
         Starting udev Coldplug all Devices...
         Starting Load/Save Random Seed...
         Starting Flush Journal to Persistent Storage...
[[0;32m  OK  [0m] Mounted FUSE Control File System.
[[0;32m  OK  [0m] Started Apply Kernel Variables.
[[0;32m  OK  [0m] Started Create Static Device Nodes in /dev.
[[0;32m  OK  [0m] Started Load/Save Random Seed.
[[0;32m  OK  [0m] Started udev Coldplug all Devices.
         Starting udev Kernel Device Manager...
[[0;32m  OK  [0m] Started Flush Journal to Persistent Storage.
[[0;32m  OK  [0m] Started udev Kernel Device Manager.
[[0;32m  OK  [0m] Started Dispatch Password Requests to Console Directory Watch.
[[0;32m  OK  [0m] Found device /dev/ttyS0.
[[0;32m  OK  [0m] Started Monitoring of LVM2 mirrors,...ng dmeventd or progress polling.
[[0;32m  OK  [0m] Reached target Local File Systems (Pre).
[[0;32m  OK  [0m] Reached target Local File Systems.
         Starting Initial cloud-init job (pre-networking)...
         Starting Tell Plymouth To Write Out Runtime Data...
         Starting Set console keymap...
         Starting Commit a transient machine-id on disk...
         Starting Create Volatile Files and Directories...
         Starting LSB: AppArmor initialization...
[[0;32m  OK  [0m] Started Tell Plymouth To Write Out Runtime Data.
[[0;32m  OK  [0m] Started Set console keymap.
[[0;32m  OK  [0m] Started Commit a transient machine-id on disk.
[[0;32m  OK  [0m] Started Create Volatile Files and Directories.
[[0;32m  OK  [0m] Listening on Load/Save RF Kill Switch Status /dev/rfkill Watch.
         Starting Network Time Synchronization...
         Starting Update UTMP about System Boot/Shutdown...
[[0;32m  OK  [0m] Started Network Time Synchronization.
[[0;32m  OK  [0m] Reached target System Time Synchronized.
[[0;32m  OK  [0m] Started Update UTMP about System Boot/Shutdown.
[[0;32m  OK  [0m] Started LSB: AppArmor initialization.
[[0;32m  OK  [0m] Reached target System Initialization.
[[0;32m  OK  [0m] Listening on ACPID Listen Socket.
[[0;32m  OK  [0m] Started Daily apt activities.
[[0;32m  OK  [0m] Listening on UUID daemon activation socket.
[[0;32m  OK  [0m] Listening on D-Bus System Message Bus Socket.
         Starting LXD - unix socket.
[[0;32m  OK  [0m] Started Daily Cleanup of Temporary Directories.
[[0;32m  OK  [0m] Reached target Timers.
[[0;32m  OK  [0m] Started ACPI Events Check.
         Starting Socket activation for snappy daemon.
[[0;32m  OK  [0m] Started Trigger resolvconf update for networkd DNS.
[[0;32m  OK  [0m] Reached target Paths.
[[0;32m  OK  [0m] Listening on LXD - unix socket.
[[0;32m  OK  [0m] Listening on Socket activation for snappy daemon.
[[0;32m  OK  [0m] Reached target Sockets.
[[0;32m  OK  [0m] Reached target Basic System.
         Starting System Logging Service...
[[0;32m  OK  [0m] Started Deferred execution scheduler.
[[0;32m  OK  [0m] Started Regular background program processing daemon.
[[0;32m  OK  [0m] Started D-Bus System Message Bus.
         Starting LSB: Record successful boot for GRUB...
         Starting Login Service...
         Starting Accounts Service...
[[0;32m  OK  [0m] Started FUSE filesystem for LXC.
[[0;32m  OK  [0m] Started ACPI event daemon.
         Starting LSB: MD monitoring daemon...
         Starting LXD - container startup/shutdown...
[[0;32m  OK  [0m] Started System Logging Service.
[[0;32m  OK  [0m] Started Login Service.
[[0;32m  OK  [0m] Started LSB: Record successful boot for GRUB.
[[0;32m  OK  [0m] Started LSB: MD monitoring daemon.
         Starting Authenticate and Authorize Users to Run Privileged Tasks...
[[0;32m  OK  [0m] Started Authenticate and Authorize Users to Run Privileged Tasks.
[[0;32m  OK  [0m] Started Accounts Service.
[[0;32m  OK  [0m] Started LXD - container startup/shutdown.
[   50.653750] cloud-init[557]: Cloud-init v. 0.7.7 running 'init-local' at Mon, 30 May 2016 21:25:42 +0000. Up 50.07 seconds.
[[0;32m  OK  [0m] Started Initial cloud-init job (pre-networking).
[[0;32m  OK  [0m] Reached target Network (Pre).
         Starting Raise network interfaces...
[[0;32m  OK  [0m] Started ifup for enp0s3.
[[0;32m  OK  [0m] Found device 82540EM Gigabit Ethern...r (PRO/1000 MT Desktop Adapter).
[[0m[0;31m*     [0m] A start job is running for Raise network interfaces (20s / 5min 14s)[K[[0;1;31m*[0m[0;31m*    [0m] A start job is running for Raise network interfaces (20s / 5min 14s)[K[[0;31m*[0;1;31m*[0m[0;31m*   [0m] A start job is running for Raise network interfaces (21s / 5min 14s)[K[ [0;31m*[0;1;31m*[0m[0;31m*  [0m] A start job is running for Raise network interfaces (21s / 5min 14s)[K[  [0;31m*[0;1;31m*[0m[0;31m* [0m] A start job is running for Raise network interfaces (22s / 5min 14s)[K[   [0;31m*[0;1;31m*[0m[0;31m*[0m] A start job is running for Raise network interfaces (22s / 5min 14s)[K[    [0;31m*[0;1;31m*[0m] A start job is running for Raise network interfaces (23s / 5min 14s)[K[     [0;31m*[0m] A start job is running for Raise network interfaces (23s / 5min 14s)[K[    [0;31m*[0;1;31m*[0m] A start job is running for Raise network interfaces (24s / 5min 14s)[K[   [0;31m*[0;1;31m*[0m[0;31m*[0m] A start job is running for Raise network interfaces (24s / 5min 14s)[K[  [0;31m*[0;1;31m*[0m[0;31m* [0m] A start job is running for Raise network interfaces (25s / 5min 14s)[K[ [0;31m*[0;1;31m*[0m[0;31m*  [0m] A start job is running for Raise network interfaces (25s / 5min 14s)[K[[0;31m*[0;1;31m*[0m[0;31m*   [0m] A start job is running for Raise network interfaces (26s / 5min 14s)[K[[0;1;31m*[0m[0;31m*    [0m] A start job is running for Raise network interfaces (26s / 5min 14s)[K[[0m[0;31m*     [0m] A start job is running for Raise network interfaces (27s / 5min 14s)[K[[0;1;31m*[0m[0;31m*    [0m] A start job is running for Raise network interfaces (27s / 5min 14s)[K[[0;31m*[0;1;31m*[0m[0;31m*   [0m] A start job is running for Raise network interfaces (28s / 5min 14s)[K[ [0;31m*[0;1;31m*[0m[0;31m*  [0m] A start job is running for Raise network interfaces (28s / 5min 14s)[K[  [0;31m*[0;1;31m*[0m[0;31m* [0m] A start job is running for Raise network interfaces (29s / 5min 14s)[K[   [0;31m*[0;1;31m*[0m[0;31m*[0m] A start job is running for Raise network interfaces (29s / 5min 14s)[K[    [0;31m*[0;1;31m*[0m] A start job is running for Raise network interfaces (30s / 5min 14s)[K[     [0;31m*[0m] A start job is running for Raise network interfaces (30s / 5min 14s)[K[    [0;31m*[0;1;31m*[0m] A start job is running for Raise network interfaces (31s / 5min 14s)[K[   [0;31m*[0;1;31m*[0m[0;31m*[0m] A start job is running for Raise network interfaces (31s / 5min 14s)[K[  [0;31m*[0;1;31m*[0m[0;31m* [0m] A start job is running for Raise network interfaces (32s / 5min 14s)[K[ [0;31m*[0;1;31m*[0m[0;31m*  [0m] A start job is running for Raise network interfaces (32s / 5min 14s)[K[[0;31m*[0;1;31m*[0m[0;31m*   [0m] A start job is running for Raise network interfaces (33s / 5min 14s)[K[[0;1;31m*[0m[0;31m*    [0m] A start job is running for Raise network interfaces (33s / 5min 14s)[K[[0m[0;31m*     [0m] A start job is running for Raise network interfaces (34s / 5min 14s)[K[[0;1;31m*[0m[0;31m*    [0m] A start job is running for Raise network interfaces (34s / 5min 14s)[K[[0;31m*[0;1;31m*[0m[0;31m*   [0m] A start job is running for Raise network interfaces (35s / 5min 14s)[K[ [0;31m*[0;1;31m*[0m[0;31m*  [0m] A start job is running for Raise network interfaces (35s / 5min 14s)[K[  [0;31m*[0;1;31m*[0m[0;31m* [0m] A start job is running for Raise network interfaces (36s / 5min 14s)[K[   [0;31m*[0;1;31m*[0m[0;31m*[0m] A start job is running for Raise network interfaces (36s / 5min 14s)[K[    [0;31m*[0;1;31m*[0m] A start job is running for Raise network interfaces (37s / 5min 14s)[K[     [0;31m*[0m] A start job is running for Raise network interfaces (37s / 5min 14s)[K[    [0;31m*[0;1;31m*[0m] A start job is running for Raise network interfaces (38s / 5min 14s)[K[   [0;31m*[0;1;31m*[0m[0;31m*[0m] A start job is running for Raise network interfaces (38s / 5min 14s)[K[  [0;31m*[0;1;31m*[0m[0;31m* [0m] A start job is running for Raise network interfaces (39s / 5min 14s)[K[ [0;31m*[0;1;31m*[0m[0;31m*  [0m] A start job is running for Raise network interfaces (39s / 5min 39s)[K[[0;32m  OK  [0m] Started Raise network interfaces.
[[0;32m  OK  [0m] Reached target Network.
         Starting Initial cloud-init job (metadata service crawler)...
[   77.740950] cloud-init[981]: Cloud-init v. 0.7.7 running 'init' at Mon, 30 May 2016 21:26:09 +0000. Up 76.47 seconds.
[   77.768454] cloud-init[981]: ci-info: +++++++++++++++++++++++++++++++++++++Net device info++++++++++++++++++++++++++++++++++++++
[   77.796320] cloud-init[981]: ci-info: +--------+------+----------------------------+---------------+-------+-------------------+
[   77.796500] cloud-init[981]: ci-info: | Device |  Up  |          Address           |      Mask     | Scope |     Hw-Address    |
[[0;32m  OK  [0m] Started Initial cloud-init job (metadata service crawler).
[   77.796576] cloud-init[981]: ci-info: +--------+------+----------------------------+---------------+-------+-------------------+
[   77.826998] cloud-init[981]: ci-info: |   lo   | True |         127.0.0.1          |   255.0.0.0   |   .   |         .         |
[[   77.831985] cloud-init[981]: ci-info: |   lo   | True |          ::1/128           |       .       |  host |         .         |
[0;32m  OK  [0m] Reached target Cloud-config availability.
[   77.832561] cloud-init[981]: ci-info: | enp0s3 | True |         10.0.2.15          | 255.255.255.0 |   .   | 02:27:53:60:41:f1 |
[   77.835872] cloud-init[981]: ci-info: | enp0s3 | True | fe80::27:53ff:fe60:41f1/64 |       .       |  link | 02:27:53:60:41:f1 |
[   77.836006] cloud-init[981]: ci-info: +--------+------+----------------------------+---------------+-------+-------------------+
[   77.836278] cloud-init[981]: ci-info: +++++++++++++++++++++++++++Route IPv4 info++++++++++++++++++++++++++++
[   77.836413] cloud-init[981]: ci-info: +-------+-------------+----------+---------------+-----------+-------+
[   77.836555] cloud-init[981]: ci-info: | Route | Destination | Gateway  |    Genmask    | Interface | Flags |
[   77.836701] cloud-init[981]: ci-info: +-------+-------------+----------+---------------+-----------+-------+
[   77.836837] cloud-init[981]: ci-info: |   0   |   0.0.0.0   | 10.0.2.2 |    0.0.0.0    |   enp0s3  |   UG  |
[   77.836976] cloud-init[981]: ci-info: |   1   |   10.0.2.0  | 0.0.0.0  | 255.255.255.0 |   enp0s3  |   U   |
[   77.837118] cloud-init[981]: ci-info: +-------+-------------+----------+---------------+-----------+-------+
[   77.837266] cloud-init[981]: Generating public/private rsa key pair.
[   77.837402] cloud-init[981]: Your identification has been saved in /etc/ssh/ssh_host_rsa_key.
[   77.837541] cloud-init[981]: Your public key has been saved in /etc/ssh/ssh_host_rsa_key.pub.
[   77.837682] cloud-init[981]: The key fingerprint is:
[   77.837821] cloud-init[981]: SHA256:qcs2s7RiVyLQlLuBlLzip6kZ0CZdNvWH3FQQkOfApVc root@ubuntu-xenial
[   77.837965] cloud-init[981]: The key's randomart image is:
[   77.838105] cloud-init[981]: +---[RSA 2048]----+
[   77.838244] cloud-init[981]: | . . ....+=+E    |
[   77.838385] cloud-init[981]: |  + o. o+=..     |
[   77.838530] cloud-init[981]: | . =+.  =++      |
[   77.838665] cloud-init[981]: |.o+o+.   +.      |
[   77.838805] cloud-init[981]: |+.+. o  S        |
[   77.838956] cloud-init[981]: |.+ .o ...        |
[   77.839089] cloud-init[981]: |. +  .oo         |
[   77.839231] cloud-init[981]: | =  oo=o         |
[   77.839369] cloud-init[981]: |+  . +=+         |
[   77.839510] cloud-init[981]: +----[SHA256]-----+
[   77.839650] cloud-init[981]: Generating public/private dsa key pair.
[   77.839801] cloud-init[981]: Your identification has been saved in /etc/ssh/ssh_host_dsa_key.
[   77.839938] cloud-init[981]: Your public key has been saved in /etc/ssh/ssh_host_dsa_key.pub.
[   77.840226] cloud-init[981]: The key fingerprint is:
[   77.840365] cloud-init[981]: SHA256:friRacjCIXpx4mAJCWvJzEdmkauI6GCZn/6T50796VY root@ubuntu-xenial
[   77.840504] cloud-init[981]: The key's randomart image is:
[   77.840645] cloud-init[981]: +---[DSA 1024]----+
[   77.840785] cloud-init[981]: |.  =o            |
[   77.840925] cloud-init[981]: |=o=.             |
[   77.841065] cloud-init[981]: |+* ..            |
[   77.841206] cloud-init[981]: |o o.             |
[   77.841347] cloud-init[981]: |=oB o   S        |
[   77.841669] cloud-init[981]: |*O * o o.+   E   |
[   77.841788] cloud-init[981]: |= + + +.B.. .    |
[   77.841911] cloud-init[981]: | o o +.o +...    |
[   77.842039] cloud-init[981]: |  ....=o. o+     |
[   77.842166] cloud-init[981]: +----[SHA256]-----+
[   77.842293] cloud-init[981]: Generating public/private ecdsa key pair.
[   77.842431] cloud-init[981]: Your identification has been saved in /etc/ssh/ssh_host_ecdsa_key.
[   77.842574] cloud-init[981]: Your public key has been saved in /etc/ssh/ssh_host_ecdsa_key.pub.
[   77.842714] cloud-init[981]: The key fingerprint is:
[   77.842855] cloud-init[981]: SHA256:Q5I6OCUWQuLo964V03TrORFmFDMCwO/datUhNjW8MfU root@ubuntu-xenial
[   77.842997] cloud-init[981]: The key's randomart image is:
[   77.843136] cloud-init[981]: +---[ECDSA 256]---+
[   77.843279] cloud-init[981]: |+.o..... =o ..   |
[   77.843419] cloud-init[981]: |+. o   .o o*  .  |
[   77.843559] cloud-init[981]: |..o o o..=. =  E |
[   77.843705] cloud-init[981]: |.. + ooo++oo     |
[[0;32m  OK  [0m] Reached target Network is Online.
[   77.843747] cloud-init[981]: | .o.+o..So+ .    |
[   77.844098] cloud-init[981]: |  ...oo..+o.     |
[   77.880892] cloud-init[981]: |     o  o+       |
[   77.882791] cloud-init[981]: |    o  o  .      |
[   77.916228] cloud-init[981]: |   ....          |
[   77.916420] cloud-init[981]: +----[SHA256]-----+
         Starting Apply the settings specified in cloud-config...
[   77.916491] cloud-init[981]: Generating public/private ed25519 key pair.
[   77.961983] cloud-init[981]: Your identification has been saved in /etc/ssh/ssh_host_ed25519_key.
[   77.984506] cloud-init[981]: Your public key has been saved in /etc/ssh/ssh_host_ed25519_key.pub.
[   77.984674] cloud-init[981]: The key fingerprint is:
[   77.984845] cloud-init[981]: SHA256:2RvKm+c4FK0k6tbNQrg5eZ/3gBDU2x4jJtB3lr+79Bk root@ubuntu-xenial
[   77.985025] cloud-init[981]: The key's randomart image is:
         Starting Seed the pseudo random number generator on first boot...
[   77.985205] cloud-init[981]: +--[ED25519 256]--+
[   78.188975] cloud-init[981]: |     ...   .     |
[   78.211421] cloud-init         [981]: Starting iSCSI initiator daemon (iscsid)...|    ... o +      |

[   78.211818] cloud-init[981]: |     ... * .     |
[   78.239777] cloud-init[981]: |      o.*o= .    |
[   78.241649] cloud-init[981]: |     o.=S=oo .   |
[   78.242393] cloud-init[981]: |    o .ooo.o.    |
[   78.258752] cloud-init[981]: |   . * ++ o ..E  |
[   78.258989] cloud-init[981]: |    B + +=oo.. o |
         Starting /etc/rc.local Compatibility...
[   78.259335] cloud-init[981]: |   . o o*=..o.o  |
[   78.268761] cloud-init[981]: +----[SHA256]-----+
[[0;32m  OK  [0m] Started /etc/rc.local Compatibility.
[[0;32m  OK  [0m] Started iSCSI initiator daemon (iscsid).
         Starting Login to default iSCSI targets...
[[0;32m  OK  [0m] Started Login to default iSCSI targets.
[[0;32m  OK  [0m] Reached target Remote File Systems (Pre).
[[0;32m  OK  [0m] Reached target Remote File Systems.
[   78.599432] cloud-init[1069]: Generating locales (this might take a while)...
         Starting LSB: daemon to balance interrupts for SMP systems...
         Starting Permit User Sessions...
         Starting LSB: automatic crash report generation...
         Starting LSB: Set the CPU Frequency Scaling governor to "ondemand"...
[[0;32m  OK  [0m] Started LSB: Set the CPU Frequency Scaling governor to "ondemand".
[[0;32m  OK  [0m] Started Permit User Sessions.
         Starting Hold until boot process finishes up...
         Starting Terminate Plymouth Boot Screen...
[[0;32m  OK  [0m] Started Hold until boot process finishes up.
[[0;32m  OK  [0m] Started Terminate Plymouth Boot Screen.
[[0;32m  OK  [0m] Started Serial Getty on ttyS0.
[[0;32m  OK  [0m] Started Getty on tty1.
[[0;32m  OK  [0m] Reached target Login Prompts.
[[0;32m  OK  [0m] Started LSB: daemon to balance interrupts for SMP systems.
[[0;32m  OK  [0m] Started LSB: automatic crash report generation.
[   79.914646] cloud-init[1069]:   en_US.UTF-8... done
[   79.932390] cloud-init[1069]: Generation complete.
[[0;32m  OK  [0m] Started Seed the pseudo random number generator on first boot.
         Starting OpenBSD Secure Shell server...
[[0;32m  OK  [0m] Started OpenBSD Secure Shell server.
         Stopping OpenBSD Secure Shell server...
[[0;32m  OK  [0m] Stopped OpenBSD Secure Shell server.
         Starting OpenBSD Secure Shell server...
[[0;32m  OK  [0m] Started OpenBSD Secure Shell server.
[[0;32m  OK  [0m] Created slice User Slice of ubuntu.
         Starting User Manager for UID 1000...
[[0;32m  OK  [0m] Started Session 1 of user ubuntu.
[[0;32m  OK  [0m] Started User Manager for UID 1000.
[   81.671804] cloud-init[1069]: Cloud-init v. 0.7.7 running 'modules:config' at Mon, 30 May 2016 21:26:11 +0000. Up 78.16 seconds.
[[0;32m  OK  [0m] Started Apply the settings specified in cloud-config.
         Starting Execute cloud user/final scripts...
ci-info: no authorized ssh keys fingerprints found for user ubuntu.
<14>May 30 21:26:16 ec2: 
<14>May 30 21:26:16 ec2: #############################################################
<14>May 30 21:26:16 ec2: -----BEGIN SSH HOST KEY FINGERPRINTS-----
<14>May 30 21:26:16 ec2: 1024 SHA256:friRacjCIXpx4mAJCWvJzEdmkauI6GCZn/6T50796VY root@ubuntu-xenial (DSA)
<14>May 30 21:26:16 ec2: 256 SHA256:Q5I6OCUWQuLo964V03TrORFmFDMCwO/datUhNjW8MfU root@ubuntu-xenial (ECDSA)
<14>May 30 21:26:16 ec2: 256 SHA256:2RvKm+c4FK0k6tbNQrg5eZ/3gBDU2x4jJtB3lr+79Bk root@ubuntu-xenial (ED25519)
<14>May 30 21:26:16 ec2: 2048 SHA256:qcs2s7RiVyLQlLuBlLzip6kZ0CZdNvWH3FQQkOfApVc root@ubuntu-xenial (RSA)
<14>May 30 21:26:16 ec2: -----END SSH HOST KEY FINGERPRINTS-----
<14>May 30 21:26:16 ec2: #############################################################
-----BEGIN SSH HOST KEY KEYS-----
ecdsa-sha2-nistp256 AAAAE2VjZHNhLXNoYTItbmlzdHAyNTYAAAAIbmlzdHAyNTYAAABBBFlvlRe3jo9xAU8wkoNVdlHF9WBTEHuNDivDQTqDXu7cLjt0K+0lxVD8ihrFiK6s1cLk1FASzKRxMd5M5byM7JE= root@ubuntu-xenial
ssh-ed25519 AAAAC3NzaC1lZDI1NTE5AAAAIP7MLBYSiLW5JCm9RfsPe//uW0gNz0WZ7f9wHXfjQ6u0 root@ubuntu-xenial
ssh-rsa AAAAB3NzaC1yc2EAAAADAQABAAABAQCv9ncn9LOb/0hPZpkZgxaoS3hGwO13WZt65canTWRI/eb7muy8HJV3fzFJQf1fgC6Msx3oXUGfMM5O4d9LqTXV3vU1F3Gx6ESC89ak0x3WqobwI498Y0C1ZsTKfA2voFqF9mNvdoANTF7KQXJ6vMrHy+Ph4PfSXQ6KPWUtxRPxhU4ye43p2ZQsvPJzxODgdYtYvHTeo3VQ5npXlYZuUnX894Ofg53XG2zNDWLqjxYmptEzMpl3d1UN12hiOdFg5vXANQ1/nFwHx2sgLRNW6klbSFwWUiCrcKl2ryDq9vnJkn8a7vd7rX6pgRDyPr3jcLkrNhGjkzDyeLV+kjQHkMq3 root@ubuntu-xenial
-----END SSH HOST KEY KEYS-----
[   82.359434] cloud-init[1320]: Cloud-init v. 0.7.7 running 'modules:final' at Mon, 30 May 2016 21:26:15 +0000. Up 82.12 seconds.
[   82.389542] cloud-init[1320]: ci-info: no authorized ssh keys fingerprints found for user ubuntu.
[   82.392687] cloud-init[1320]: Cloud-init v. 0.7.7 finished at Mon, 30 May 2016 21:26:16 +0000. Datasource DataSourceNoCloudNet [seed=/dev/sdb][dsmode=net].  Up 82.35 seconds
[[0;32m  OK  [0m] Started Execute cloud user/final scripts.
[[0;32m  OK  [0m] Reached target Cloud-init target.
[[0;32m  OK  [0m] Reached target Multi-User System.
[[0;32m  OK  [0m] Reached target Graphical Interface.
         Starting Update UTMP about System Runlevel Changes...
[[0;32m  OK  [0m] Started Update UTMP about System Runlevel Changes.

Ubuntu 16.04 LTS ubuntu-xenial ttyS0

ubuntu-xenial login: 